V3 3
FL /home/ghost/Repo_Sistemas_L/seq1100diagram/seq1100diagram.vhd 2017/10/01.19:16:35 O.40d
EN work/seq1100diagram 1506899811 \
      FL /home/ghost/Repo_Sistemas_L/seq1100diagram/seq1100diagram.vhd \
      PB ieee/std_logic_1164 1296775758
AR work/seq1100diagram/Behavioral 1506899812 \
      FL /home/ghost/Repo_Sistemas_L/seq1100diagram/seq1100diagram.vhd \
      EN work/seq1100diagram 1506899811
