V3 7
FL /home/ghost/Repo_Sistemas_L/seq1100circuit/FlipflopD.vhd 2017/10/01.19:26:33 O.40d
EN work/FlipflopD 1506900516 \
      FL /home/ghost/Repo_Sistemas_L/seq1100circuit/FlipflopD.vhd \
      PB ieee/std_logic_1164 1296775758
AR work/FlipflopD/Behavioral 1506900517 \
      FL /home/ghost/Repo_Sistemas_L/seq1100circuit/FlipflopD.vhd \
      EN work/FlipflopD 1506900516
FL /home/ghost/Repo_Sistemas_L/seq1100circuit/seq1100circuit.vhd 2017/10/01.19:27:29 O.40d
EN work/seq1100circuit 1506900518 \
      FL /home/ghost/Repo_Sistemas_L/seq1100circuit/seq1100circuit.vhd \
      PB ieee/std_logic_1164 1296775758
AR work/seq1100circuit/Behavioral 1506900519 \
      FL /home/ghost/Repo_Sistemas_L/seq1100circuit/seq1100circuit.vhd \
      EN work/seq1100circuit 1506900518 CP FlipflopD
